Archive member included because of file (symbol)

/home/wieczyk/Workspace/impala/sys/arch/x86//libarch.a(init.o)
                              /home/wieczyk/Workspace/impala/sys/arch/x86//arch/bootstrap.o (init_x86)
/home/wieczyk/Workspace/impala/sys/arch/x86//libarch.a(isr.o)
                              /home/wieczyk/Workspace/impala/sys/arch/x86//libarch.a(init.o) (_intrpt_syscall)
/home/wieczyk/Workspace/impala/sys/arch/x86//libarch.a(thread.o)
                              thread.o (thread_context_init)
/home/wieczyk/Workspace/impala/sys/arch/x86//libarch.a(i8254.o)
                              /home/wieczyk/Workspace/impala/sys/arch/x86//libarch.a(init.o) (i8254_init)
/home/wieczyk/Workspace/impala/sys/arch/x86//libarch.a(i8259a.o)
                              /home/wieczyk/Workspace/impala/sys/arch/x86//libarch.a(init.o) (i8259a_init)
/home/wieczyk/Workspace/impala/sys/arch/x86//libarch.a(video.o)
                              sc/write.o (textscreen_enable_forced_attr)
/home/wieczyk/Workspace/impala/sys/arch/x86//libarch.a(asmstub.o)
                              /home/wieczyk/Workspace/impala/sys/arch/x86//libarch.a(init.o) (gdt_load)
/home/wieczyk/Workspace/impala/sys/arch/x86//libarch.a(interrupt.o)
                              /home/wieczyk/Workspace/impala/sys/arch/x86//libarch.a(i8254.o) (irq_install_handler)
/home/wieczyk/Workspace/impala/sys/libkutil/libkutil.a(string.o)
                              /home/wieczyk/Workspace/impala/sys/arch/x86//libarch.a(video.o) (mem_move)

Allocating common symbols
Common symbol       size              file

threads_list        0x14              thread.o
textscreen          0xfa2             clock.o
clock_ticks         0x4               clock.o
stack               0x4000            /home/wieczyk/Workspace/impala/sys/arch/x86//arch/bootstrap.o
thread_idle         0x4               thread.o
irq_handlers        0x5c              /home/wieczyk/Workspace/impala/sys/arch/x86//libarch.a(interrupt.o)
sp                  0x4               main.o
sched_quantum       0x4               sched.o
curthread           0x4               thread.o

Memory Configuration

Name             Origin             Length             Attributes
*default*        0x0000000000000000 0xffffffffffffffff

Linker script and memory map

                0x0000000000100000                . = 0x100000

.text           0x0000000000100000     0x1ef6
 arch/bootstrap.o(.text)
 .text          0x0000000000100000       0x1e /home/wieczyk/Workspace/impala/sys/arch/x86//arch/bootstrap.o
                0x000000000010000c                kernel_entrypoint
 *(.text)
 *fill*         0x000000000010001e        0x2 00
 .text          0x0000000000100020       0x6d clock.o
                0x0000000000100080                clock_softtick
                0x0000000000100020                clock_init
                0x0000000000100060                clock_hardtick
 *fill*         0x000000000010008d        0x3 00
 .text          0x0000000000100090      0x437 kprintf.o
                0x0000000000100090                kprintf
                0x00000000001000b0                vkprintf
 *fill*         0x00000000001004c7        0x9 00
 .text          0x00000000001004d0       0x7b kthread.o
                0x00000000001004d0                kthread_create
 *fill*         0x000000000010054b        0x5 00
 .text          0x0000000000100550      0x1ce main.o
                0x0000000000100590                k
                0x0000000000100680                test
                0x0000000000100550                kmain
 *fill*         0x000000000010071e        0x2 00
 .text          0x0000000000100720       0xd6 sched.o
                0x0000000000100760                sched_action
                0x0000000000100720                sched_init
                0x0000000000100790                sched_yield
 *fill*         0x00000000001007f6        0xa 00
 .text          0x0000000000100800       0x27 syscall.o
                0x0000000000100800                syscall
 *fill*         0x0000000000100827        0x9 00
 .text          0x0000000000100830      0x251 thread.o
                0x0000000000100a50                thread_exit
                0x0000000000100830                thread_init
                0x0000000000100a30                thread_run
                0x0000000000100a60                thread_suspend
                0x0000000000100960                thread_create
 *fill*         0x0000000000100a81        0xf 00
 .text          0x0000000000100a90       0x37 sc/exit.o
                0x0000000000100a90                sc_exit
 *fill*         0x0000000000100ac7        0x9 00
 .text          0x0000000000100ad0       0x54 sc/write.o
                0x0000000000100ad0                sc_write
 *fill*         0x0000000000100b24        0xc 00
 .text          0x0000000000100b30      0x354 /home/wieczyk/Workspace/impala/sys/arch/x86//libarch.a(init.o)
                0x0000000000100b30                init_x86
 .text          0x0000000000100e84      0x6ba /home/wieczyk/Workspace/impala/sys/arch/x86//libarch.a(isr.o)
                0x0000000000100e84                _unhnd_intrpt
                0x0000000000101154                _intrpt_syscall
 *fill*         0x000000000010153e        0x2 00
 .text          0x0000000000101540       0xc9 /home/wieczyk/Workspace/impala/sys/arch/x86//libarch.a(thread.o)
                0x0000000000101580                thread_switch
                0x00000000001015d0                thread_enter
                0x0000000000101540                thread_context_init
 *fill*         0x0000000000101609        0x7 00
 .text          0x0000000000101610       0xbe /home/wieczyk/Workspace/impala/sys/arch/x86//libarch.a(i8254.o)
                0x0000000000101660                i8254_set_freq
                0x0000000000101610                i8254_init
 *fill*         0x00000000001016ce        0x2 00
 .text          0x00000000001016d0      0x1f0 /home/wieczyk/Workspace/impala/sys/arch/x86//libarch.a(i8259a.o)
                0x0000000000101890                i8259a_send_eoi
                0x00000000001016d0                i8259a_init
                0x00000000001017f0                i8259a_irq_enable
                0x00000000001017b0                i8259a_reset_mask
                0x0000000000101840                i8259a_irq_disable
 .text          0x00000000001018c0      0x35e /home/wieczyk/Workspace/impala/sys/arch/x86//libarch.a(video.o)
                0x00000000001018e0                textscreen_disable_forced_attr
                0x0000000000101950                textscreen_put
                0x0000000000101a70                textscreen_scroll
                0x0000000000101a40                textscreen_update_cursor
                0x0000000000101b30                textscreen_reset
                0x0000000000101ae0                textscreen_clear
                0x0000000000101b50                textscreen_draw
                0x00000000001018f0                textscreen_putat
                0x00000000001018c0                textscreen_enable_forced_attr
 *fill*         0x0000000000101c1e        0x2 00
 .text          0x0000000000101c20       0xab /home/wieczyk/Workspace/impala/sys/arch/x86//libarch.a(asmstub.o)
                0x0000000000101c5a                gdt_load
                0x0000000000101c20                thread_context_load
                0x0000000000101caa                far_copy_in
                0x0000000000101c3d                thread_context_store
                0x0000000000101c8d                idt_load
                0x0000000000101c95                tr_load
                0x0000000000101c9b                jmp_sel
                0x0000000000101c85                ldt_load
 *fill*         0x0000000000101ccb        0x5 00
 .text          0x0000000000101cd0      0x105 /home/wieczyk/Workspace/impala/sys/arch/x86//libarch.a(interrupt.o)
                0x0000000000101d10                ISR_irq
                0x0000000000101dc0                TRAP_gfault
                0x0000000000101d00                irq_done
                0x0000000000101cd0                irq_install_handler
                0x0000000000101db0                TRAP_unhandled
                0x0000000000101d50                ISR_syscall
 *fill*         0x0000000000101dd5        0xb 00
 .text          0x0000000000101de0      0x116 /home/wieczyk/Workspace/impala/sys/libkutil/libkutil.a(string.o)
                0x0000000000101e60                mem_cpy
                0x0000000000101ed0                str_len
                0x0000000000101ea0                mem_set
                0x0000000000101de0                mem_move

.rodata         0x0000000000102000       0xe6
 *(.rodata)
 .rodata        0x0000000000102000       0x11 kprintf.o
 *fill*         0x0000000000102011        0x3 00
 .rodata        0x0000000000102014       0x58 main.o
 .rodata        0x000000000010206c       0x2e sched.o
 .rodata        0x000000000010209a       0x11 sc/exit.o
 .rodata        0x00000000001020ab        0x4 sc/write.o
 .rodata        0x00000000001020af       0x1d /home/wieczyk/Workspace/impala/sys/arch/x86//libarch.a(i8254.o)
 .rodata        0x00000000001020cc       0x1a /home/wieczyk/Workspace/impala/sys/arch/x86//libarch.a(interrupt.o)

.rel.dyn        0x00000000001020e8        0x0 load address 0x00000000001020e6
 .rel.text      0x0000000000000000        0x0 /home/wieczyk/Workspace/impala/sys/arch/x86//arch/bootstrap.o
 .rel.data      0x0000000000000000        0x0 /home/wieczyk/Workspace/impala/sys/arch/x86//arch/bootstrap.o

.data           0x0000000000103000       0xcc
 *(.data)
 .data          0x0000000000103000        0x0 /home/wieczyk/Workspace/impala/sys/arch/x86//arch/bootstrap.o
 .data          0x0000000000103000        0x4 clock.o
 .data          0x0000000000103004        0x0 kprintf.o
 .data          0x0000000000103004        0x0 kthread.o
 .data          0x0000000000103004        0x0 main.o
 .data          0x0000000000103004        0x0 sched.o
 .data          0x0000000000103004       0x1c syscall.o
 .data          0x0000000000103020        0x0 thread.o
 .data          0x0000000000103020        0x0 sc/exit.o
 .data          0x0000000000103020        0x0 sc/write.o
 .data          0x0000000000103020        0x0 /home/wieczyk/Workspace/impala/sys/arch/x86//libarch.a(init.o)
 .data          0x0000000000103020       0xac /home/wieczyk/Workspace/impala/sys/arch/x86//libarch.a(isr.o)
                0x0000000000103084                trap_table
                0x0000000000103020                irq_table
 .data          0x00000000001030cc        0x0 /home/wieczyk/Workspace/impala/sys/arch/x86//libarch.a(thread.o)
 .data          0x00000000001030cc        0x0 /home/wieczyk/Workspace/impala/sys/arch/x86//libarch.a(i8254.o)
 .data          0x00000000001030cc        0x0 /home/wieczyk/Workspace/impala/sys/arch/x86//libarch.a(i8259a.o)
 .data          0x00000000001030cc        0x0 /home/wieczyk/Workspace/impala/sys/arch/x86//libarch.a(video.o)
 .data          0x00000000001030cc        0x0 /home/wieczyk/Workspace/impala/sys/arch/x86//libarch.a(asmstub.o)
 .data          0x00000000001030cc        0x0 /home/wieczyk/Workspace/impala/sys/arch/x86//libarch.a(interrupt.o)
 .data          0x00000000001030cc        0x0 /home/wieczyk/Workspace/impala/sys/libkutil/libkutil.a(string.o)

.bss            0x0000000000104000    0x45d1c
 *(COMMON)
 COMMON         0x0000000000104000     0x4000 /home/wieczyk/Workspace/impala/sys/arch/x86//arch/bootstrap.o
                0x0000000000104000                stack
 COMMON         0x0000000000108000      0xfa8 clock.o
                0x0000000000108000                textscreen
                0x0000000000108fa4                clock_ticks
 COMMON         0x0000000000108fa8        0x4 main.o
                0x0000000000108fa8                sp
 COMMON         0x0000000000108fac        0x4 sched.o
                0x0000000000108fac                sched_quantum
 COMMON         0x0000000000108fb0       0x1c thread.o
                0x0000000000108fb0                threads_list
                0x0000000000108fc4                thread_idle
                0x0000000000108fc8                curthread
 *fill*         0x0000000000108fcc       0x14 00
 COMMON         0x0000000000108fe0       0x5c /home/wieczyk/Workspace/impala/sys/arch/x86//libarch.a(interrupt.o)
                0x0000000000108fe0                irq_handlers
 *(.bss)
 .bss           0x000000000010903c        0x0 /home/wieczyk/Workspace/impala/sys/arch/x86//arch/bootstrap.o
 .bss           0x000000000010903c        0x0 clock.o
 .bss           0x000000000010903c        0x0 kprintf.o
 .bss           0x000000000010903c        0x0 kthread.o
 .bss           0x000000000010903c       0x30 main.o
 .bss           0x000000000010906c        0x4 sched.o
 .bss           0x0000000000109070        0x0 syscall.o
 *fill*         0x0000000000109070       0x10 00
 .bss           0x0000000000109080    0x403cc thread.o
 .bss           0x000000000014944c        0x0 sc/exit.o
 .bss           0x000000000014944c        0x0 sc/write.o
 *fill*         0x000000000014944c       0x14 00
 .bss           0x0000000000149460      0x8b4 /home/wieczyk/Workspace/impala/sys/arch/x86//libarch.a(init.o)
 .bss           0x0000000000149d14        0x0 /home/wieczyk/Workspace/impala/sys/arch/x86//libarch.a(isr.o)
 .bss           0x0000000000149d14        0x0 /home/wieczyk/Workspace/impala/sys/arch/x86//libarch.a(thread.o)
 .bss           0x0000000000149d14        0x0 /home/wieczyk/Workspace/impala/sys/arch/x86//libarch.a(i8254.o)
 .bss           0x0000000000149d14        0x2 /home/wieczyk/Workspace/impala/sys/arch/x86//libarch.a(i8259a.o)
 *fill*         0x0000000000149d16        0x2 00
 .bss           0x0000000000149d18        0x1 /home/wieczyk/Workspace/impala/sys/arch/x86//libarch.a(video.o)
 *fill*         0x0000000000149d19        0x3 00
 .bss           0x0000000000149d1c        0x0 /home/wieczyk/Workspace/impala/sys/arch/x86//libarch.a(asmstub.o)
 .bss           0x0000000000149d1c        0x0 /home/wieczyk/Workspace/impala/sys/arch/x86//libarch.a(interrupt.o)
 .bss           0x0000000000149d1c        0x0 /home/wieczyk/Workspace/impala/sys/libkutil/libkutil.a(string.o)
LOAD clock.o
LOAD kprintf.o
LOAD kthread.o
LOAD main.o
LOAD sched.o
LOAD syscall.o
LOAD thread.o
LOAD sc/exit.o
LOAD sc/write.o
LOAD /home/wieczyk/Workspace/impala/sys/arch/x86//libarch.a
LOAD /home/wieczyk/Workspace/impala/sys/libkutil/libkutil.a
OUTPUT(impala elf32-i386)

.comment        0x0000000000000000      0x260
 .comment       0x0000000000000000       0x26 clock.o
 .comment       0x0000000000000026       0x26 kprintf.o
 .comment       0x000000000000004c       0x26 kthread.o
 .comment       0x0000000000000072       0x26 main.o
 .comment       0x0000000000000098       0x26 sched.o
 .comment       0x00000000000000be       0x26 syscall.o
 .comment       0x00000000000000e4       0x26 thread.o
 .comment       0x000000000000010a       0x26 sc/exit.o
 .comment       0x0000000000000130       0x26 sc/write.o
 .comment       0x0000000000000156       0x26 /home/wieczyk/Workspace/impala/sys/arch/x86//libarch.a(init.o)
 .comment       0x000000000000017c       0x26 /home/wieczyk/Workspace/impala/sys/arch/x86//libarch.a(thread.o)
 .comment       0x00000000000001a2       0x26 /home/wieczyk/Workspace/impala/sys/arch/x86//libarch.a(i8254.o)
 .comment       0x00000000000001c8       0x26 /home/wieczyk/Workspace/impala/sys/arch/x86//libarch.a(i8259a.o)
 .comment       0x00000000000001ee       0x26 /home/wieczyk/Workspace/impala/sys/arch/x86//libarch.a(video.o)
 .comment       0x0000000000000214       0x26 /home/wieczyk/Workspace/impala/sys/arch/x86//libarch.a(interrupt.o)
 .comment       0x000000000000023a       0x26 /home/wieczyk/Workspace/impala/sys/libkutil/libkutil.a(string.o)

Cross Reference Table

Symbol                                            File
ISR_irq                                           /home/wieczyk/Workspace/impala/sys/arch/x86//libarch.a(interrupt.o)
                                                  /home/wieczyk/Workspace/impala/sys/arch/x86//libarch.a(isr.o)
ISR_syscall                                       /home/wieczyk/Workspace/impala/sys/arch/x86//libarch.a(interrupt.o)
                                                  /home/wieczyk/Workspace/impala/sys/arch/x86//libarch.a(isr.o)
TRAP_gfault                                       /home/wieczyk/Workspace/impala/sys/arch/x86//libarch.a(interrupt.o)
                                                  /home/wieczyk/Workspace/impala/sys/arch/x86//libarch.a(isr.o)
TRAP_unhandled                                    /home/wieczyk/Workspace/impala/sys/arch/x86//libarch.a(interrupt.o)
                                                  /home/wieczyk/Workspace/impala/sys/arch/x86//libarch.a(isr.o)
_intrpt_syscall                                   /home/wieczyk/Workspace/impala/sys/arch/x86//libarch.a(isr.o)
                                                  /home/wieczyk/Workspace/impala/sys/arch/x86//libarch.a(init.o)
_unhnd_intrpt                                     /home/wieczyk/Workspace/impala/sys/arch/x86//libarch.a(isr.o)
                                                  /home/wieczyk/Workspace/impala/sys/arch/x86//libarch.a(init.o)
clock_hardtick                                    clock.o
                                                  /home/wieczyk/Workspace/impala/sys/arch/x86//libarch.a(i8254.o)
clock_init                                        clock.o
                                                  main.o
clock_softtick                                    clock.o
                                                  /home/wieczyk/Workspace/impala/sys/arch/x86//libarch.a(i8254.o)
clock_ticks                                       sched.o
                                                  clock.o
curthread                                         /home/wieczyk/Workspace/impala/sys/arch/x86//libarch.a(interrupt.o)
                                                  /home/wieczyk/Workspace/impala/sys/arch/x86//libarch.a(thread.o)
                                                  thread.o
                                                  sched.o
far_copy_in                                       /home/wieczyk/Workspace/impala/sys/arch/x86//libarch.a(asmstub.o)
gdt_load                                          /home/wieczyk/Workspace/impala/sys/arch/x86//libarch.a(asmstub.o)
                                                  /home/wieczyk/Workspace/impala/sys/arch/x86//libarch.a(init.o)
i8254_init                                        /home/wieczyk/Workspace/impala/sys/arch/x86//libarch.a(i8254.o)
                                                  /home/wieczyk/Workspace/impala/sys/arch/x86//libarch.a(init.o)
i8254_set_freq                                    /home/wieczyk/Workspace/impala/sys/arch/x86//libarch.a(i8254.o)
i8259a_init                                       /home/wieczyk/Workspace/impala/sys/arch/x86//libarch.a(i8259a.o)
                                                  /home/wieczyk/Workspace/impala/sys/arch/x86//libarch.a(init.o)
i8259a_irq_disable                                /home/wieczyk/Workspace/impala/sys/arch/x86//libarch.a(i8259a.o)
i8259a_irq_enable                                 /home/wieczyk/Workspace/impala/sys/arch/x86//libarch.a(i8259a.o)
                                                  /home/wieczyk/Workspace/impala/sys/arch/x86//libarch.a(interrupt.o)
i8259a_reset_mask                                 /home/wieczyk/Workspace/impala/sys/arch/x86//libarch.a(i8259a.o)
i8259a_send_eoi                                   /home/wieczyk/Workspace/impala/sys/arch/x86//libarch.a(i8259a.o)
                                                  /home/wieczyk/Workspace/impala/sys/arch/x86//libarch.a(interrupt.o)
idt_load                                          /home/wieczyk/Workspace/impala/sys/arch/x86//libarch.a(asmstub.o)
                                                  /home/wieczyk/Workspace/impala/sys/arch/x86//libarch.a(init.o)
init_x86                                          /home/wieczyk/Workspace/impala/sys/arch/x86//libarch.a(init.o)
                                                  /home/wieczyk/Workspace/impala/sys/arch/x86//arch/bootstrap.o
irq_done                                          /home/wieczyk/Workspace/impala/sys/arch/x86//libarch.a(interrupt.o)
                                                  /home/wieczyk/Workspace/impala/sys/arch/x86//libarch.a(i8254.o)
irq_handlers                                      /home/wieczyk/Workspace/impala/sys/arch/x86//libarch.a(interrupt.o)
irq_install_handler                               /home/wieczyk/Workspace/impala/sys/arch/x86//libarch.a(interrupt.o)
                                                  /home/wieczyk/Workspace/impala/sys/arch/x86//libarch.a(i8254.o)
irq_table                                         /home/wieczyk/Workspace/impala/sys/arch/x86//libarch.a(isr.o)
                                                  /home/wieczyk/Workspace/impala/sys/arch/x86//libarch.a(init.o)
jmp_sel                                           /home/wieczyk/Workspace/impala/sys/arch/x86//libarch.a(asmstub.o)
k                                                 main.o
kernel_entrypoint                                 /home/wieczyk/Workspace/impala/sys/arch/x86//arch/bootstrap.o
kmain                                             main.o
                                                  /home/wieczyk/Workspace/impala/sys/arch/x86//arch/bootstrap.o
kprintf                                           kprintf.o
                                                  /home/wieczyk/Workspace/impala/sys/arch/x86//libarch.a(interrupt.o)
                                                  /home/wieczyk/Workspace/impala/sys/arch/x86//libarch.a(i8254.o)
                                                  sc/write.o
                                                  sc/exit.o
                                                  sched.o
                                                  main.o
kthread_create                                    kthread.o
                                                  main.o
ldt_load                                          /home/wieczyk/Workspace/impala/sys/arch/x86//libarch.a(asmstub.o)
mem_cpy                                           /home/wieczyk/Workspace/impala/sys/libkutil/libkutil.a(string.o)
mem_move                                          /home/wieczyk/Workspace/impala/sys/libkutil/libkutil.a(string.o)
                                                  /home/wieczyk/Workspace/impala/sys/arch/x86//libarch.a(video.o)
mem_set                                           /home/wieczyk/Workspace/impala/sys/libkutil/libkutil.a(string.o)
                                                  /home/wieczyk/Workspace/impala/sys/arch/x86//libarch.a(video.o)
                                                  /home/wieczyk/Workspace/impala/sys/arch/x86//libarch.a(thread.o)
                                                  /home/wieczyk/Workspace/impala/sys/arch/x86//libarch.a(init.o)
                                                  thread.o
sc_exit                                           sc/exit.o
                                                  syscall.o
sc_write                                          sc/write.o
                                                  syscall.o
sched_action                                      sched.o
                                                  clock.o
sched_init                                        sched.o
                                                  main.o
sched_quantum                                     sched.o
sched_yield                                       sched.o
                                                  sc/exit.o
                                                  thread.o
                                                  kthread.o
sp                                                main.o
stack                                             /home/wieczyk/Workspace/impala/sys/arch/x86//arch/bootstrap.o
str_len                                           /home/wieczyk/Workspace/impala/sys/libkutil/libkutil.a(string.o)
syscall                                           syscall.o
                                                  /home/wieczyk/Workspace/impala/sys/arch/x86//libarch.a(interrupt.o)
test                                              main.o
textscreen                                        /home/wieczyk/Workspace/impala/sys/arch/x86//libarch.a(interrupt.o)
                                                  /home/wieczyk/Workspace/impala/sys/arch/x86//libarch.a(video.o)
                                                  /home/wieczyk/Workspace/impala/sys/arch/x86//libarch.a(i8254.o)
                                                  /home/wieczyk/Workspace/impala/sys/arch/x86//libarch.a(thread.o)
                                                  /home/wieczyk/Workspace/impala/sys/arch/x86//libarch.a(init.o)
                                                  sc/write.o
                                                  sc/exit.o
                                                  thread.o
                                                  syscall.o
                                                  sched.o
                                                  main.o
                                                  kthread.o
                                                  kprintf.o
                                                  clock.o
textscreen_clear                                  /home/wieczyk/Workspace/impala/sys/arch/x86//libarch.a(video.o)
textscreen_disable_forced_attr                    /home/wieczyk/Workspace/impala/sys/arch/x86//libarch.a(video.o)
                                                  sc/write.o
textscreen_draw                                   /home/wieczyk/Workspace/impala/sys/arch/x86//libarch.a(video.o)
                                                  kprintf.o
textscreen_enable_forced_attr                     /home/wieczyk/Workspace/impala/sys/arch/x86//libarch.a(video.o)
                                                  sc/write.o
textscreen_put                                    /home/wieczyk/Workspace/impala/sys/arch/x86//libarch.a(video.o)
                                                  kprintf.o
textscreen_putat                                  /home/wieczyk/Workspace/impala/sys/arch/x86//libarch.a(video.o)
textscreen_reset                                  /home/wieczyk/Workspace/impala/sys/arch/x86//libarch.a(video.o)
textscreen_scroll                                 /home/wieczyk/Workspace/impala/sys/arch/x86//libarch.a(video.o)
                                                  kprintf.o
textscreen_update_cursor                          /home/wieczyk/Workspace/impala/sys/arch/x86//libarch.a(video.o)
                                                  kprintf.o
thread_context_init                               /home/wieczyk/Workspace/impala/sys/arch/x86//libarch.a(thread.o)
                                                  thread.o
thread_context_load                               /home/wieczyk/Workspace/impala/sys/arch/x86//libarch.a(asmstub.o)
                                                  /home/wieczyk/Workspace/impala/sys/arch/x86//libarch.a(thread.o)
thread_context_store                              /home/wieczyk/Workspace/impala/sys/arch/x86//libarch.a(asmstub.o)
                                                  /home/wieczyk/Workspace/impala/sys/arch/x86//libarch.a(thread.o)
thread_create                                     thread.o
                                                  kthread.o
thread_enter                                      /home/wieczyk/Workspace/impala/sys/arch/x86//libarch.a(thread.o)
thread_exit                                       thread.o
                                                  sc/exit.o
                                                  kthread.o
thread_idle                                       thread.o
thread_init                                       thread.o
                                                  main.o
thread_run                                        thread.o
                                                  kthread.o
thread_suspend                                    thread.o
thread_switch                                     /home/wieczyk/Workspace/impala/sys/arch/x86//libarch.a(thread.o)
                                                  sched.o
threads_list                                      thread.o
tr_load                                           /home/wieczyk/Workspace/impala/sys/arch/x86//libarch.a(asmstub.o)
                                                  /home/wieczyk/Workspace/impala/sys/arch/x86//libarch.a(init.o)
trap_table                                        /home/wieczyk/Workspace/impala/sys/arch/x86//libarch.a(isr.o)
                                                  /home/wieczyk/Workspace/impala/sys/arch/x86//libarch.a(init.o)
tss_save                                          /home/wieczyk/Workspace/impala/sys/arch/x86//libarch.a(asmstub.o)
vkprintf                                          kprintf.o
