Archive member included because of file (symbol)

/home/wieczyk/Workspace/impala/sys/arch/x86//libarch.a(init.o)
                              /home/wieczyk/Workspace/impala/sys/arch/x86//arch/bootstrap.o (init_x86)
/home/wieczyk/Workspace/impala/sys/arch/x86//libarch.a(asmstub.o)
                              /home/wieczyk/Workspace/impala/sys/arch/x86//libarch.a(init.o) (gdt_load)
/home/wieczyk/Workspace/impala/sys/libkutil/libkutil.a(string.o)
                              /home/wieczyk/Workspace/impala/sys/arch/x86//libarch.a(init.o) (mem_set)

Allocating common symbols
Common symbol       size              file

stack               0x4000            /home/wieczyk/Workspace/impala/sys/arch/x86//arch/bootstrap.o

Memory Configuration

Name             Origin             Length             Attributes
*default*        0x0000000000000000 0xffffffffffffffff

Linker script and memory map

                0x0000000000100000                . = 0x100000

.text           0x0000000000100000      0x39b
 arch/bootstrap.o(.text)
 .text          0x0000000000100000       0x19 /home/wieczyk/Workspace/impala/sys/arch/x86//arch/bootstrap.o
                0x000000000010000c                kernel_entrypoint
 *(.text)
 *fill*         0x0000000000100019 0x80f7b0100000007 00
 .text          0x0000000000100020        0x5 main.o
                0x0000000000100020                kmain
 *fill*         0x0000000000100025        0xb 00
 .text          0x0000000000100030      0x1d4 /home/wieczyk/Workspace/impala/sys/arch/x86//libarch.a(init.o)
                0x0000000000100030                init_x86
 .text          0x0000000000100204       0x71 /home/wieczyk/Workspace/impala/sys/arch/x86//libarch.a(asmstub.o)
                0x0000000000100204                gdt_load
                0x0000000000100254                far_copy_in
                0x0000000000100237                idt_load
                0x000000000010023f                tr_load
                0x0000000000100245                jmp_sel
                0x000000000010022f                ldt_load
 *fill*         0x0000000000100275        0xb 00
 .text          0x0000000000100280      0x11b /home/wieczyk/Workspace/impala/sys/libkutil/libkutil.a(string.o)
                0x0000000000100300                mem_cpy
                0x0000000000100370                str_len
                0x0000000000100340                mem_set
                0x0000000000100280                mem_move

.rodata
 *(.rodata)

.data           0x0000000000101000        0x0
 *(.data)

.bss            0x0000000000101000     0x40b0
 *(COMMON)
 COMMON         0x0000000000101000     0x4000 /home/wieczyk/Workspace/impala/sys/arch/x86//arch/bootstrap.o
                                          0x0 (size before relaxing)
                0x0000000000101000                stack
 *(.bss)
 .bss           0x0000000000105000       0xb0 /home/wieczyk/Workspace/impala/sys/arch/x86//libarch.a(init.o)

.rel.dyn
LOAD main.o
LOAD /home/wieczyk/Workspace/impala/sys/arch/x86//libarch.a
LOAD /home/wieczyk/Workspace/impala/sys/libkutil/libkutil.a
OUTPUT(kernel elf32-i386-freebsd)

.comment        0x0000000000000000       0x72
 .comment       0x0000000000000000       0x26 main.o
 .comment       0x0000000000000026       0x26 /home/wieczyk/Workspace/impala/sys/arch/x86//libarch.a(init.o)
 .comment       0x000000000000004c       0x26 /home/wieczyk/Workspace/impala/sys/libkutil/libkutil.a(string.o)

Cross Reference Table

Symbol                                            File
far_copy_in                                       /home/wieczyk/Workspace/impala/sys/arch/x86//libarch.a(asmstub.o)
gdt_load                                          /home/wieczyk/Workspace/impala/sys/arch/x86//libarch.a(asmstub.o)
                                                  /home/wieczyk/Workspace/impala/sys/arch/x86//libarch.a(init.o)
idt_load                                          /home/wieczyk/Workspace/impala/sys/arch/x86//libarch.a(asmstub.o)
init_x86                                          /home/wieczyk/Workspace/impala/sys/arch/x86//libarch.a(init.o)
                                                  /home/wieczyk/Workspace/impala/sys/arch/x86//arch/bootstrap.o
jmp_sel                                           /home/wieczyk/Workspace/impala/sys/arch/x86//libarch.a(asmstub.o)
kernel_entrypoint                                 /home/wieczyk/Workspace/impala/sys/arch/x86//arch/bootstrap.o
kmain                                             main.o
ldt_load                                          /home/wieczyk/Workspace/impala/sys/arch/x86//libarch.a(asmstub.o)
mem_cpy                                           /home/wieczyk/Workspace/impala/sys/libkutil/libkutil.a(string.o)
mem_move                                          /home/wieczyk/Workspace/impala/sys/libkutil/libkutil.a(string.o)
mem_set                                           /home/wieczyk/Workspace/impala/sys/libkutil/libkutil.a(string.o)
                                                  /home/wieczyk/Workspace/impala/sys/arch/x86//libarch.a(init.o)
stack                                             /home/wieczyk/Workspace/impala/sys/arch/x86//arch/bootstrap.o
str_len                                           /home/wieczyk/Workspace/impala/sys/libkutil/libkutil.a(string.o)
tr_load                                           /home/wieczyk/Workspace/impala/sys/arch/x86//libarch.a(asmstub.o)
tss_save                                          /home/wieczyk/Workspace/impala/sys/arch/x86//libarch.a(asmstub.o)
